Boss1 OK Attack1
Boss2 OK Attack1
Boss3 OK Attack1
Boss4 OK Attack1
Boss5 OK Attack1
Boss6 OK Attack1
Boss7 OK Attack1
Mob1 OK Idle1
Mob2 OK Attack1
Mob3 OK Attack1
Mob4 OK Attack1
Mob5 OK Attack1
Mob6 OK Attack1
Mob7 OK Attack1
Mob8 OK Attack1
Mob9 OK Attack1
Mob10 OK Attack1
Mob11 OK Attack1
Mob12 OK Attack1
Mob13 OK Attack1
Mob14 OK Attack1
Mob15 OK Attack1
Mob16 OK Attack1
Mob17 OK Attack1
Mob18 OK Attack1
Mob19 OK Attack1
Mob20 OK Attack1
Mob21 OK Attack1
Mob22 OK Attack1
Mob23 OK Attack1
Mob24 OK Attack1
Mob25 OK Attack1
Mob26 OK Attack1
Mob27 OK Attack1
Mob28 OK Attack1
Mob29 OK Attack1
Mob30 OK Attack1
Mob31 OK Attack1
Mob32 OK Attack1
Mob33 OK Attack1
Mob34 OK Attack1
Mob35 OK Attack1
Mob36 OK Attack1
Mob37 OK Attack1
Mob38 OK Attack1
Mob39 OK Attack1
Mob40 OK Attack1
Mob41 OK Attack1
Mob42 OK Attack1
MiniBoss1 OK Attack1
MiniBoss2 OK Attack1
MiniBoss3 OK Attack1
MiniBoss4 OK Attack1
MiniBoss5 OK Attack1
Extra_Boss1 OK Idle1
Extra_Crab OK Idle1
Extra_Dragon OK Idle1
Extra_Fish1 OK Idle1
Extra_SleepingDragon OK Idle1
